{
  "user_name": "octocat",
  "display_name": "The Octocat",
  "avatar": "https://avatars.githubusercontent.com/u/583231?v=4",
  "geo_location": "San Francisco",
  "email": null,
  "url": "https://github.com/octocat",
  "created_at": "2011-01-25 18:44:36",
  "repos": [
    {
      "name": "boysenberry-repo-1",
      "url": "https://github.com/octocat/boysenberry-repo-1"
    },
    {
      "name": "git-consortium",
      "url": "https://github.com/octocat/git-consortium"
    },
    {
      "name": "hello-worId",
      "url": "https://github.com/octocat/hello-worId"
    },
    {
      "name": "Hello-World",
      "url": "https://github.com/octocat/Hello-World"
    },
    {
      "name": "linguist",
      "url": "https://github.com/octocat/linguist"
    },
    {
      "name": "octocat.github.io",
      "url": "https://github.com/octocat/octocat.github.io"
    },
    {
      "name": "Spoon-Knife",
      "url": "https://github.com/octocat/Spoon-Knife"
    },
    {
      "name": "test-repo1",
      "url": "https://github.com/octocat/test-repo1"
    }
  ]
}